../Core/Src/main.c:77:6:HAL_TIM_PeriodElapsedCallback	16	static
../Core/Src/main.c:117:6:HAL_GPIO_EXTI_Callback	16	static
../Core/Src/main.c:125:6:HAL_UART_RxCpltCallback	16	static
../Core/Src/main.c:247:5:main	8	static
../Core/Src/main.c:294:6:SystemClock_Config	88	static
../Core/Src/main.c:341:13:MX_TIM10_Init	8	static
../Core/Src/main.c:372:13:MX_TIM11_Init	8	static
../Core/Src/main.c:403:13:MX_USART1_UART_Init	8	static
../Core/Src/main.c:436:13:MX_GPIO_Init	48	static
../Core/Src/main.c:496:6:Error_Handler	4	static,ignoring_inline_asm
