../Core/Src/main.c:96:6:HAL_TIM_PeriodElapsedCallback	16	static
../Core/Src/main.c:280:6:HAL_UART_RxCpltCallback	16	static
../Core/Src/main.c:305:5:main	8	static
../Core/Src/main.c:355:6:SystemClock_Config	128	static
../Core/Src/main.c:403:13:MX_TIM6_Init	24	static
../Core/Src/main.c:441:13:MX_TIM7_Init	24	static
../Core/Src/main.c:479:13:MX_UART4_Init	8	static
../Core/Src/main.c:514:13:MX_UART5_Init	8	static
../Core/Src/main.c:549:13:MX_GPIO_Init	48	static
../Core/Src/main.c:594:6:Error_Handler	4	static,ignoring_inline_asm
